Solid Edge Translation to STL
Date: venerdì,dicembre 27,2024 06:53
Source File:C:\Users\francesco\Desktop\dantone parte sx.par
Source System: SOLID EDGE

Hardware:
Processor: AMD Ryzen 5 2500U with Radeon Vega Mobile Gfx  
Operating System: Windows 10
Installed Memory: 6,95 GB

Software Information:
Parasolid Version: 34.0.153
PSBodyshop Version: 34.0.110
Solid Edge Version: 222.00.00.132 x64

STL Export Options:
Output File Format:BINARY
Export Displayed Parts:Off
structureOption: Monolithic
Export Units:Millimeter
Export Tolerance Value:0,050000
Export Tolerance Type:Custom
Export Surface Plane Angle Value:0,523599

Translation progress:
Phase 1 of 2 Fetching Parasolid information...
Number of STL file Created : 1
Translation process completed
Time required to translate:00 : 00 : 00
