STL translation to Solid Edge
Data: martedì,maggio 27,2025 01:11
File sorgente:C:\Users\francesco\Downloads\GUIDA INFERIORE DIVA.stl
Autore: Sconosciuto
Organizzazione: Sconosciuto
Sistema sorgente: DEX

Hardware:
Processore: AMD Ryzen 5 2500U with Radeon Vega Mobile Gfx  
Sistema operativo: Windows 10
Memoria installata: 6,95 GB

Informazioni sul software:
Versione Parasolid: 36.0.142
Versione PSBodyshop: 36.0.108
Versione adattatore STL: 13.0.193
Versione Solid Edge: 224.00.00.101 x64

STL Import Options
Correggi errori mesh:Off
Crea feature base:On
Abilita registrazione:On

Avanzamento conversione:
Processo di conversione completato
Tempo necessario per la conversione:00 : 00 : 01
